[     110ms] [INFO] %cDownload the React DevTools for a better development experience: https://reactjs.org/link/react-devtools font-weight:bold @ http://localhost:5173/node_modules/.vite/deps/react-dom_client.js?v=bf5c2d88:23491
[     124ms] Error: Objects are not valid as a React child (found: object with keys {$$typeof, type, key, props, _owner, _store}). If you meant to render a collection of children, use an array instead.
    at throwOnInvalidObjectType (http://localhost:5173/node_modules/.vite/deps/react-dom_client.js?v=bf5c2d88:11864:17)
    at reconcileChildFibers2 (http://localhost:5173/node_modules/.vite/deps/react-dom_client.js?v=bf5c2d88:12494:15)
    at reconcileChildren (http://localhost:5173/node_modules/.vite/deps/react-dom_client.js?v=bf5c2d88:16223:37)
    at updateHostRoot (http://localhost:5173/node_modules/.vite/deps/react-dom_client.js?v=bf5c2d88:16711:13)
    at beginWork (http://localhost:5173/node_modules/.vite/deps/react-dom_client.js?v=bf5c2d88:17864:22)
    at HTMLUnknownElement.callCallback2 (http://localhost:5173/node_modules/.vite/deps/react-dom_client.js?v=bf5c2d88:5563:22)
    at Object.invokeGuardedCallbackDev (http://localhost:5173/node_modules/.vite/deps/react-dom_client.js?v=bf5c2d88:5588:24)
    at invokeGuardedCallback (http://localhost:5173/node_modules/.vite/deps/react-dom_client.js?v=bf5c2d88:5622:39)
    at beginWork$1 (http://localhost:5173/node_modules/.vite/deps/react-dom_client.js?v=bf5c2d88:21701:15)
    at performUnitOfWork (http://localhost:5173/node_modules/.vite/deps/react-dom_client.js?v=bf5c2d88:21134:20)
[     124ms] Error: Objects are not valid as a React child (found: object with keys {$$typeof, type, key, props, _owner, _store}). If you meant to render a collection of children, use an array instead.
    at throwOnInvalidObjectType (http://localhost:5173/node_modules/.vite/deps/react-dom_client.js?v=bf5c2d88:11864:17)
    at reconcileChildFibers2 (http://localhost:5173/node_modules/.vite/deps/react-dom_client.js?v=bf5c2d88:12494:15)
    at reconcileChildren (http://localhost:5173/node_modules/.vite/deps/react-dom_client.js?v=bf5c2d88:16223:37)
    at updateHostRoot (http://localhost:5173/node_modules/.vite/deps/react-dom_client.js?v=bf5c2d88:16711:13)
    at beginWork (http://localhost:5173/node_modules/.vite/deps/react-dom_client.js?v=bf5c2d88:17864:22)
    at beginWork$1 (http://localhost:5173/node_modules/.vite/deps/react-dom_client.js?v=bf5c2d88:21689:22)
    at performUnitOfWork (http://localhost:5173/node_modules/.vite/deps/react-dom_client.js?v=bf5c2d88:21134:20)
    at workLoopSync (http://localhost:5173/node_modules/.vite/deps/react-dom_client.js?v=bf5c2d88:21073:13)
    at renderRootSync (http://localhost:5173/node_modules/.vite/deps/react-dom_client.js?v=bf5c2d88:21052:15)
    at performConcurrentWorkOnRoot (http://localhost:5173/node_modules/.vite/deps/react-dom_client.js?v=bf5c2d88:20611:83)
[   35365ms] [LOG] [vite] server connection lost. Polling for restart... @ http://localhost:5173/@vite/client:864
[   45476ms] [INFO] %cDownload the React DevTools for a better development experience: https://react.dev/link/react-devtools font-weight:bold @ http://localhost:5173/node_modules/.vite/deps/react-dom_client.js?v=ab424a1a:20102
